../Core/Src/main.c:130:5:main	56	static
../Core/Src/main.c:353:6:Read_Sensor	8	static
../Core/Src/main.c:424:6:create_datapocket	80	static
../Core/Src/main.c:490:6:HAL_UART_RxCpltCallback	16	static
../Core/Src/main.c:558:6:HAL_TIM_PeriodElapsedCallback	16	static
../Core/Src/main.c:595:6:SystemClock_Config	88	static
../Core/Src/main.c:637:13:MX_RTC_Init	32	static
../Core/Src/main.c:705:6:Settime_RTC	32	static
../Core/Src/main.c:761:13:MX_TIM1_Init	40	static
../Core/Src/main.c:808:13:MX_USART2_UART_Init	8	static
../Core/Src/main.c:856:13:MX_GPIO_Init	56	static
../Core/Src/main.c:877:6:vprint	224	static
../Core/Src/main.c:886:6:ei_printf	16	static
../Core/Src/main.c:900:6:Error_Handler	8	static,ignoring_inline_asm
